C:\Users\User\Desktop\3lab_Morozov\Logical\Global.typ
C:\Users\User\Desktop\3lab_Morozov\Logical\Global.var
C:\Users\User\Desktop\3lab_Morozov\Logical\Libraries\Runtime\runtime.fun
C:\Users\User\Desktop\3lab_Morozov\Logical\Libraries\Runtime\runtime.typ
C:\Users\User\Desktop\3lab_Morozov\Logical\Libraries\Runtime\runtime.var
C:\Users\User\Desktop\3lab_Morozov\Logical\Libraries\Operator\operator.fun
C:\Users\User\Desktop\3lab_Morozov\Logical\Libraries\Operator\operator.typ
C:\Users\User\Desktop\3lab_Morozov\Logical\Libraries\Operator\operator.var
C:\Users\User\Desktop\3lab_Morozov\Logical\Libraries\AsIecCon\AsIecCon.fun
C:\Users\User\Desktop\3lab_Morozov\Logical\Libraries\AsIecCon\AsIecCon.typ
C:\Users\User\Desktop\3lab_Morozov\Logical\Libraries\AsIecCon\AsIecCon.var
C:\Users\User\Desktop\3lab_Morozov\Logical\Libraries\astime\astime.fun
C:\Users\User\Desktop\3lab_Morozov\Logical\Libraries\astime\astime.typ
C:\Users\User\Desktop\3lab_Morozov\Logical\Libraries\astime\astime.var
C:\Users\User\Desktop\3lab_Morozov\Logical\Libraries\sys_lib\sys_lib.fun
C:\Users\User\Desktop\3lab_Morozov\Logical\Libraries\sys_lib\sys_lib.typ
C:\Users\User\Desktop\3lab_Morozov\Logical\Libraries\sys_lib\sys_lib.var
C:\Users\User\Desktop\3lab_Morozov\Logical\Libraries\asstring\asstring.fun
C:\Users\User\Desktop\3lab_Morozov\Logical\Libraries\asstring\asstring.typ
C:\Users\User\Desktop\3lab_Morozov\Logical\Libraries\asstring\asstring.var
C:\Users\User\Desktop\3lab_Morozov\Logical\Libraries\Acp10man\Acp10man.typ
C:\Users\User\Desktop\3lab_Morozov\Logical\Libraries\Acp10par\Acp10par.var
C:\Users\User\Desktop\3lab_Morozov\Logical\Libraries\NcGlobal\NcGlobal.fun
C:\Users\User\Desktop\3lab_Morozov\Logical\Libraries\NcGlobal\NcGlobal.typ
C:\Users\User\Desktop\3lab_Morozov\Logical\Libraries\NcGlobal\NcGlobal.var
C:\Users\User\Desktop\3lab_Morozov\Logical\Libraries\Acp10sdc\acp10sdc.var
C:\Users\User\Desktop\3lab_Morozov\Logical\Libraries\Acp10sdc\acp10sdc.typ
C:\Users\User\Desktop\3lab_Morozov\Logical\Libraries\Acp10_MC\acp10_mc.fun
C:\Users\User\Desktop\3lab_Morozov\Logical\Libraries\Acp10_MC\acp10_mc.typ
C:\Users\User\Desktop\3lab_Morozov\Logical\Libraries\Acp10_MC\acp10_mc.var
C:\Users\User\Desktop\3lab_Morozov\Logical\Libraries\brsystem\brsystem.fun
C:\Users\User\Desktop\3lab_Morozov\Logical\Libraries\brsystem\brsystem.typ
C:\Users\User\Desktop\3lab_Morozov\Logical\Libraries\brsystem\brsystem.var
C:\Users\User\Desktop\3lab_Morozov\Logical\Libraries\AsBrStr\AsBrStr.fun
C:\Users\User\Desktop\3lab_Morozov\Logical\Libraries\AsBrStr\AsBrStr.typ
C:\Users\User\Desktop\3lab_Morozov\Logical\Libraries\AsBrStr\AsBrStr.var
C:\Users\User\Desktop\3lab_Morozov\Logical\Libraries\Acp10sim\acp10sim.var
C:\Users\User\Desktop\3lab_Morozov\Logical\Libraries\Acp10sim\acp10sim.typ
C:\Users\User\Desktop\3lab_Morozov\Logical\Libraries\AsIOTime\AsIOTime.fun
C:\Users\User\Desktop\3lab_Morozov\Logical\Libraries\AsIOTime\AsIOTime.typ
C:\Users\User\Desktop\3lab_Morozov\Logical\Libraries\AsIOTime\AsIOTime.var
C:\Users\User\Desktop\3lab_Morozov\Logical\Libraries\MotrContr\Types.typ
C:\Users\User\Desktop\3lab_Morozov\Logical\Libraries\MotrContr\Constants.var
C:\Users\User\Desktop\3lab_Morozov\Logical\Libraries\MotrContr\MotrContr.fun
